\! service memcached stop
Stopping memcached: memcached.
